#-----------------------------------------------------------
# Vivado v2024.1 (64-bit)
# SW Build 5076996 on Wed May 22 18:36:09 MDT 2024
# IP Build 5075265 on Wed May 22 21:45:21 MDT 2024
# SharedData Build 5076995 on Wed May 22 18:29:18 MDT 2024
# Start of session at: Thu Mar 12 10:53:32 2026
# Process ID: 2232391
# Current directory: /home/y26054md/Microcontrollers
# Command line: vivado -mode batch -source /tmp/load_riscv_board.Xm94Oe.tcl
# Log file: /home/y26054md/Microcontrollers/vivado.log
# Journal file: /home/y26054md/Microcontrollers/vivado.jou
# Running On        :e-c11kilf90023
# Platform          :Ubuntu
# Operating System  :Ubuntu 24.04.4 LTS
# Processor Detail  :Intel(R) Core(TM) i7-8700 CPU @ 3.20GHz
# CPU Frequency     :4300.391 MHz
# CPU Physical cores:6
# CPU Logical cores :12
# Host memory       :33514 MB
# Swap memory       :8589 MB
# Total Virtual     :42103 MB
# Available Virtual :36931 MB
#-----------------------------------------------------------
source /tmp/load_riscv_board.Xm94Oe.tcl
# open_hw_manager
open_hw_manager: Time (s): cpu = 00:00:06 ; elapsed = 00:00:08 . Memory (MB): peak = 1422.852 ; gain = 0.027 ; free physical = 15720 ; free virtual = 35018
# connect_hw_server -allow_non_jtag 
INFO: [Labtools 27-2285] Connecting to hw_server url TCP:localhost:3121
INFO: [Labtools 27-2222] Launching hw_server...
INFO: [Labtools 27-2221] Launch Output:

****** Xilinx hw_server v2024.1
  **** Build date : May 22 2024 at 19:19:01
    ** Copyright 1986-2022 Xilinx, Inc. All Rights Reserved.


INFO: [Labtools 27-3415] Connecting to cs_server url TCP:localhost:0
INFO: [Labtools 27-3417] Launching cs_server...
INFO: [Labtools 27-2221] Launch Output:


******** Xilinx cs_server v2024.1.0
  ****** Build date   : Apr 27 2024-02:40:49
    **** Build number : 2024.1.1714182049
      ** Copyright 2017-2022 Xilinx, Inc. All Rights Reserved.
      ** Copyright 2022-2026 Advanced Micro Devices, Inc. All Rights Reserved.



# open_hw_target 
INFO: [Labtoolstcl 44-466] Opening hw_target localhost:3121/xilinx_tcf/Xilinx/0NK48A
# set_property PROGRAM.FILE {/cadtools5/questa_custom/bin/..//resource/comp22711/bitfiles/top.bit} [get_hw_devices xc7s50_0] 
# current_hw_device [get_hw_devices xc7s50_0] 
# refresh_hw_device -update_hw_probes false [lindex [get_hw_devices xc7s50_0] 0] 
INFO: [Labtools 27-1434] Device xc7s50 (JTAG device index = 0) is programmed with a design that has no supported debug core(s) in it.
# create_hw_cfgmem -hw_device [get_hw_devices xc7s50_0] -mem_dev [lindex [get_cfgmem_parts {mt25ql128-spi-x1_x2_x4}] 0] 
# set_property PROBES.FILE {} [get_hw_devices xc7s50_0] 
# set_property FULL_PROBES.FILE {} [get_hw_devices xc7s50_0] 
# program_hw_devices [get_hw_devices xc7s50_0] 
INFO: [Labtools 27-3164] End of startup status: HIGH
# refresh_hw_device [lindex [get_hw_devices xc7s50_0] 0]
INFO: [Labtools 27-1434] Device xc7s50 (JTAG device index = 0) is programmed with a design that has no supported debug core(s) in it.
INFO: [Common 17-206] Exiting Vivado at Thu Mar 12 10:54:14 2026...
